// Jest Snapshot v1, https://goo.gl/fbAQLP
// aadharProfile.test.js.snap
exports[`AadharProfile Snapshot renders correctly with initial props 1`] = `null`;
